测试服务器连接
